[    0.000000] Linux version 4.15.0-212-generic (buildd@lcy02-amd64-083) (gcc version 7.5.0 (Ubuntu 7.5.0-3ubuntu1~18.04)) #223-Ubuntu SMP Tue May 23 13:09:22 UTC 2023 (Ubuntu 4.15.0-212.223-generic 4.15.18)
[    0.000000] Command line: BOOT_IMAGE=/boot/vmlinuz-4.15.0-212-generic root=LABEL=cloudimg-rootfs ro console=tty1 console=ttyS0
[    0.000000] KERNEL supported cpus:
[    0.000000]   Intel GenuineIntel
[    0.000000]   AMD AuthenticAMD
[    0.000000]   Centaur CentaurHauls
[    0.000000] x86/fpu: Supporting XSAVE feature 0x001: 'x87 floating point registers'
[    0.000000] x86/fpu: Supporting XSAVE feature 0x002: 'SSE registers'
[    0.000000] x86/fpu: Supporting XSAVE feature 0x004: 'AVX registers'
[    0.000000] x86/fpu: xstate_offset[2]:  576, xstate_sizes[2]:  256
[    0.000000] x86/fpu: Enabled xstate features 0x7, context size is 832 bytes, using 'standard' format.
[    0.000000] e820: BIOS-provided physical RAM map:
[    0.000000] BIOS-e820: [mem 0x0000000000000000-0x000000000009fbff] usable
[    0.000000] BIOS-e820: [mem 0x000000000009fc00-0x000000000009ffff] reserved
[    0.000000] BIOS-e820: [mem 0x00000000000f0000-0x00000000000fffff] reserved
[    0.000000] BIOS-e820: [mem 0x0000000000100000-0x000000003ffeffff] usable
[    0.000000] BIOS-e820: [mem 0x000000003fff0000-0x000000003fffffff] ACPI data
[    0.000000] BIOS-e820: [mem 0x00000000fec00000-0x00000000fec00fff] reserved
[    0.000000] BIOS-e820: [mem 0x00000000fee00000-0x00000000fee00fff] reserved
[    0.000000] BIOS-e820: [mem 0x00000000fffc0000-0x00000000ffffffff] reserved
[    0.000000] NX (Execute Disable) protection: active
[    0.000000] SMBIOS 2.5 present.
[    0.000000] DMI: innotek GmbH VirtualBox/VirtualBox, BIOS VirtualBox 12/01/2006
[    0.000000] Hypervisor detected: KVM
[    0.000000] e820: last_pfn = 0x3fff0 max_arch_pfn = 0x400000000
[    0.000000] x86/PAT: Configuration [0-7]: WB  WC  UC- UC  WB  WP  UC- WT  
[    0.000000] CPU MTRRs all blank - virtualized system.
[    0.000000] found SMP MP-table at [mem 0x0009fbf0-0x0009fbff]
[    0.000000] Scanning 1 areas for low memory corruption
[    0.000000] RAMDISK: [mem 0x359cb000-0x36cdcfff]
[    0.000000] ACPI: Early table checksum verification disabled
[    0.000000] ACPI: RSDP 0x00000000000E0000 000024 (v02 VBOX  )
[    0.000000] ACPI: XSDT 0x000000003FFF0030 00003C (v01 VBOX   VBOXXSDT 00000001 ASL  00000061)
[    0.000000] ACPI: FACP 0x000000003FFF00F0 0000F4 (v04 VBOX   VBOXFACP 00000001 ASL  00000061)
[    0.000000] ACPI: DSDT 0x000000003FFF02F0 002353 (v02 VBOX   VBOXBIOS 00000002 VBOX 0002A122)
[    0.000000] ACPI: FACS 0x000000003FFF0200 000040
[    0.000000] ACPI: FACS 0x000000003FFF0200 000040
[    0.000000] ACPI: APIC 0x000000003FFF0240 00005C (v02 VBOX   VBOXAPIC 00000001 ASL  00000061)
[    0.000000] ACPI: SSDT 0x000000003FFF02A0 000045 (v01 VBOX   VBOXCPUT 00000002 VBOX 0002A122)
[    0.000000] ACPI: Reserving FACP table memory at [mem 0x3fff00f0-0x3fff01e3]
[    0.000000] ACPI: Reserving DSDT table memory at [mem 0x3fff02f0-0x3fff2642]
[    0.000000] ACPI: Reserving FACS table memory at [mem 0x3fff0200-0x3fff023f]
[    0.000000] ACPI: Reserving FACS table memory at [mem 0x3fff0200-0x3fff023f]
[    0.000000] ACPI: Reserving APIC table memory at [mem 0x3fff0240-0x3fff029b]
[    0.000000] ACPI: Reserving SSDT table memory at [mem 0x3fff02a0-0x3fff02e4]
[    0.000000] No NUMA configuration found
[    0.000000] Faking a node at [mem 0x0000000000000000-0x000000003ffeffff]
[    0.000000] NODE_DATA(0) allocated [mem 0x3ffc5000-0x3ffeffff]
[    0.000000] kvm-clock: cpu 0, msr 0:3ff44001, primary cpu clock
[    0.000000] kvm-clock: Using msrs 4b564d01 and 4b564d00
[    0.000000] kvm-clock: using sched offset of 4347199026 cycles
[    0.000000] clocksource: kvm-clock: mask: 0xffffffffffffffff max_cycles: 0x1cd42e4dffb, max_idle_ns: 881590591483 ns
[    0.000000] Zone ranges:
[    0.000000]   DMA      [mem 0x0000000000001000-0x0000000000ffffff]
[    0.000000]   DMA32    [mem 0x0000000001000000-0x000000003ffeffff]
[    0.000000]   Normal   empty
[    0.000000]   Device   empty
[    0.000000] Movable zone start for each node
[    0.000000] Early memory node ranges
[    0.000000]   node   0: [mem 0x0000000000001000-0x000000000009efff]
[    0.000000]   node   0: [mem 0x0000000000100000-0x000000003ffeffff]
[    0.000000] Reserved but unavailable: 104 pages
[    0.000000] Initmem setup node 0 [mem 0x0000000000001000-0x000000003ffeffff]
[    0.000000] ACPI: PM-Timer IO Port: 0x4008
[    0.000000] IOAPIC[0]: apic_id 2, version 32, address 0xfec00000, GSI 0-23
[    0.000000] ACPI: INT_SRC_OVR (bus 0 bus_irq 0 global_irq 2 dfl dfl)
[    0.000000] ACPI: INT_SRC_OVR (bus 0 bus_irq 9 global_irq 9 low level)
[    0.000000] Using ACPI (MADT) for SMP configuration information
[    0.000000] smpboot: Allowing 2 CPUs, 0 hotplug CPUs
[    0.000000] PM: Registered nosave memory: [mem 0x00000000-0x00000fff]
[    0.000000] PM: Registered nosave memory: [mem 0x0009f000-0x0009ffff]
[    0.000000] PM: Registered nosave memory: [mem 0x000a0000-0x000effff]
[    0.000000] PM: Registered nosave memory: [mem 0x000f0000-0x000fffff]
[    0.000000] e820: [mem 0x40000000-0xfebfffff] available for PCI devices
[    0.000000] Booting paravirtualized kernel on KVM
[    0.000000] clocksource: refined-jiffies: mask: 0xffffffff max_cycles: 0xffffffff, max_idle_ns: 7645519600211568 ns
[    0.000000] setup_percpu: NR_CPUS:8192 nr_cpumask_bits:2 nr_cpu_ids:2 nr_node_ids:1
[    0.000000] percpu: Embedded 50 pages/cpu s167936 r8192 d28672 u1048576
[    0.000000] PV qspinlock hash table entries: 256 (order: 0, 4096 bytes)
[    0.000000] Built 1 zonelists, mobility grouping on.  Total pages: 257913
[    0.000000] Policy zone: DMA32
[    0.000000] Kernel command line: BOOT_IMAGE=/boot/vmlinuz-4.15.0-212-generic root=LABEL=cloudimg-rootfs ro console=tty1 console=ttyS0
[    0.000000] Memory: 982644K/1048120K available (12300K kernel code, 2477K rwdata, 4324K rodata, 2480K init, 2720K bss, 65476K reserved, 0K cma-reserved)
[    0.000000] SLUB: HWalign=64, Order=0-3, MinObjects=0, CPUs=2, Nodes=1
[    0.000000] ftrace: allocating 39508 entries in 155 pages
[    0.004000] Hierarchical RCU implementation.
[    0.004000] 	RCU restricting CPUs from NR_CPUS=8192 to nr_cpu_ids=2.
[    0.004000] 	Tasks RCU enabled.
[    0.004000] RCU: Adjusting geometry for rcu_fanout_leaf=16, nr_cpu_ids=2
[    0.004000] NR_IRQS: 524544, nr_irqs: 440, preallocated irqs: 16
[    0.004000] random: crng init done
[    0.004000] Console: colour VGA+ 80x25
[    0.004000] console [tty1] enabled
[    0.004000] console [ttyS0] enabled
[    0.004000] ACPI: Core revision 20170831
[    0.004000] ACPI: 2 ACPI AML tables successfully acquired and loaded
[    0.004000] APIC: Switch to symmetric I/O mode setup
[    0.008000] ..TIMER: vector=0x30 apic1=0 pin1=2 apic2=-1 pin2=-1
[    0.008007] tsc: Detected 1190.403 MHz processor
[    0.012012] Calibrating delay loop (skipped) preset value.. 2380.80 BogoMIPS (lpj=4761612)
[    0.016007] pid_max: default: 32768 minimum: 301
[    0.020124] Security Framework initialized
[    0.024007] Yama: becoming mindful.
[    0.028136] AppArmor: AppArmor initialized
[    0.037965] Dentry cache hash table entries: 131072 (order: 8, 1048576 bytes)
[    0.044072] Inode-cache hash table entries: 65536 (order: 7, 524288 bytes)
[    0.048121] Mount-cache hash table entries: 2048 (order: 2, 16384 bytes)
[    0.052270] Mountpoint-cache hash table entries: 2048 (order: 2, 16384 bytes)
[    0.060239] Last level iTLB entries: 4KB 0, 2MB 0, 4MB 0
[    0.064007] Last level dTLB entries: 4KB 0, 2MB 0, 4MB 0, 1GB 0
[    0.068009] Spectre V1 : Mitigation: usercopy/swapgs barriers and __user pointer sanitization
[    0.072009] Spectre V2 : Mitigation: Enhanced IBRS
[    0.076007] Spectre V2 : Spectre v2 / SpectreRSB mitigation: Filling RSB on context switch
[    0.080006] Spectre V2 : Spectre v2 / PBRSB-eIBRS: Retire a single CALL on VMEXIT
[    0.084006] RETBleed: Mitigation: Enhanced IBRS
[    0.088005] Speculative Store Bypass: Vulnerable
[    0.092106] MMIO Stale Data: Mitigation: Clear CPU buffers
[    0.096008] SRBDS: Unknown: Dependent on hypervisor status
[    0.100235] Freeing SMP alternatives memory: 36K
[    0.220007] APIC calibration not consistent with PM-Timer: 103ms instead of 100ms
[    0.224000] APIC delta adjusted to PM-Timer: 6292606 (6490410)
[    0.224390] smpboot: CPU0: Intel(R) Core(TM) i5-1035G1 CPU @ 1.00GHz (family: 0x6, model: 0x7e, stepping: 0x5)
[    0.232253] Performance Events: unsupported p6 CPU model 126 no PMU driver, software events only.
[    0.236197] Hierarchical SRCU implementation.
[    0.241037] NMI watchdog: Perf event create on CPU 0 failed with -2
[    0.244007] NMI watchdog: Perf NMI watchdog permanently disabled
[    0.248491] smp: Bringing up secondary CPUs ...
[    0.253398] x86: Booting SMP configuration:
[    0.256007] .... node  #0, CPUs:      #1
[    0.004000] kvm-clock: cpu 1, msr 0:3ff44041, secondary cpu clock
[    0.272119] smp: Brought up 1 node, 2 CPUs
[    0.276016] smpboot: Max logical packages: 1
[    0.280010] smpboot: Total of 2 processors activated (4761.61 BogoMIPS)
[    0.288953] devtmpfs: initialized
[    0.292193] x86/mm: Memory block size: 128MB
[    0.300382] evm: security.selinux
[    0.304008] evm: security.SMACK64
[    0.308007] evm: security.SMACK64EXEC
[    0.312007] evm: security.SMACK64TRANSMUTE
[    0.316007] evm: security.SMACK64MMAP
[    0.320011] evm: security.apparmor
[    0.324009] evm: security.ima
[    0.327163] evm: security.capability
[    0.332495] clocksource: jiffies: mask: 0xffffffff max_cycles: 0xffffffff, max_idle_ns: 7645041785100000 ns
[    0.336024] futex hash table entries: 512 (order: 3, 32768 bytes)
[    0.340324] pinctrl core: initialized pinctrl subsystem
[    0.348278] RTC time: 10:35:08, date: 03/11/26
[    0.353594] NET: Registered protocol family 16
[    0.356159] audit: initializing netlink subsys (disabled)
[    0.360339] audit: type=2000 audit(1773225314.154:1): state=initialized audit_enabled=0 res=1
[    0.372015] cpuidle: using governor ladder
[    0.376019] cpuidle: using governor menu
[    0.380097] ACPI: bus type PCI registered
[    0.384007] acpiphp: ACPI Hot Plug PCI Controller Driver version: 0.5
[    0.388672] PCI: Using configuration type 1 for base access
[    0.396495] HugeTLB registered 2.00 MiB page size, pre-allocated 0 pages
[    0.404232] ACPI: Added _OSI(Module Device)
[    0.408042] ACPI: Added _OSI(Processor Device)
[    0.412006] ACPI: Added _OSI(3.0 _SCP Extensions)
[    0.416006] ACPI: Added _OSI(Processor Aggregator Device)
[    0.420007] ACPI: Added _OSI(Linux-Dell-Video)
[    0.424012] ACPI: Added _OSI(Linux-Lenovo-NV-HDMI-Audio)
[    0.428010] ACPI: Added _OSI(Linux-HPI-Hybrid-Graphics)
[    0.433120] ACPI: Executed 1 blocks of module-level executable AML code
[    0.444402] ACPI: Interpreter enabled
[    0.448024] ACPI: (supports S0 S5)
[    0.451465] ACPI: Using IOAPIC for interrupt routing
[    0.452505] PCI: Using host bridge windows from ACPI; if necessary, use "pci=nocrs" and report a bug
[    0.456316] ACPI: Enabled 2 GPEs in block 00 to 07
[    0.472316] ACPI: PCI Root Bridge [PCI0] (domain 0000 [bus 00-ff])
[    0.476019] acpi PNP0A03:00: _OSC: OS supports [ASPM ClockPM Segments MSI]
[    0.480962] acpi PNP0A03:00: _OSC: not requesting OS control; OS requires [ExtendedConfig ASPM ClockPM MSI]
[    0.484025] acpi PNP0A03:00: fail to add MMCONFIG information, can't access extended PCI configuration space under this bridge.
[    0.492249] PCI host bridge to bus 0000:00
[    0.496009] pci_bus 0000:00: root bus resource [io  0x0000-0x0cf7 window]
[    0.500010] pci_bus 0000:00: root bus resource [io  0x0d00-0xffff window]
[    0.504008] pci_bus 0000:00: root bus resource [mem 0x000a0000-0x000bffff window]
[    0.508010] pci_bus 0000:00: root bus resource [mem 0x40000000-0xfdffffff window]
[    0.512011] pci_bus 0000:00: root bus resource [bus 00-ff]
[    0.525679] pci 0000:00:01.1: legacy IDE quirk: reg 0x10: [io  0x01f0-0x01f7]
[    0.528008] pci 0000:00:01.1: legacy IDE quirk: reg 0x14: [io  0x03f6]
[    0.532008] pci 0000:00:01.1: legacy IDE quirk: reg 0x18: [io  0x0170-0x0177]
[    0.536009] pci 0000:00:01.1: legacy IDE quirk: reg 0x1c: [io  0x0376]
[    0.566476] pci 0000:00:07.0: quirk: [io  0x4000-0x403f] claimed by PIIX4 ACPI
[    0.568050] pci 0000:00:07.0: quirk: [io  0x4100-0x410f] claimed by PIIX4 SMB
[    0.581731] ACPI: PCI Interrupt Link [LNKA] (IRQs 5 9 10 *11)
[    0.588646] ACPI: PCI Interrupt Link [LNKB] (IRQs 5 9 *10 11)
[    0.592271] ACPI: PCI Interrupt Link [LNKC] (IRQs 5 *9 10 11)
[    0.596275] ACPI: PCI Interrupt Link [LNKD] (IRQs 5 9 10 *11)
[    0.604491] SCSI subsystem initialized
[    0.608276] pci 0000:00:02.0: vgaarb: setting as boot VGA device
[    0.612000] pci 0000:00:02.0: vgaarb: VGA device added: decodes=io+mem,owns=io+mem,locks=none
[    0.612010] pci 0000:00:02.0: vgaarb: bridge control possible
[    0.616007] vgaarb: loaded
[    0.620118] ACPI: bus type USB registered
[    0.624035] usbcore: registered new interface driver usbfs
[    0.628062] usbcore: registered new interface driver hub
[    0.632027] usbcore: registered new device driver usb
[    0.636375] EDAC MC: Ver: 3.0.0
[    0.641117] PCI: Using ACPI for IRQ routing
[    0.644888] NetLabel: Initializing
[    0.648006] NetLabel:  domain hash size = 128
[    0.652006] NetLabel:  protocols = UNLABELED CIPSOv4 CALIPSO
[    0.656035] NetLabel:  unlabeled traffic allowed by default
[    0.660451] clocksource: Switched to clocksource kvm-clock
[    0.698545] VFS: Disk quotas dquot_6.6.0
[    0.721638] VFS: Dquot-cache hash table entries: 512 (order 0, 4096 bytes)
[    0.725509] AppArmor: AppArmor Filesystem Enabled
[    0.725509] pnp: PnP ACPI init
[    0.725509] pnp: PnP ACPI: found 3 devices
[    0.798741] clocksource: acpi_pm: mask: 0xffffff max_cycles: 0xffffff, max_idle_ns: 2085701024 ns
[    0.800913] NET: Registered protocol family 2
[    0.800913] IP idents hash table entries: 16384 (order: 5, 131072 bytes)
[    0.820140] TCP established hash table entries: 8192 (order: 4, 65536 bytes)
[    0.828183] TCP bind hash table entries: 8192 (order: 5, 131072 bytes)
[    0.831291] TCP: Hash tables configured (established 8192 bind 8192)
[    0.831291] UDP hash table entries: 512 (order: 2, 16384 bytes)
[    0.831291] UDP-Lite hash table entries: 512 (order: 2, 16384 bytes)
[    0.831291] NET: Registered protocol family 1
[    0.831291] pci 0000:00:00.0: Limiting direct PCI/PCI transfers
[    0.831291] pci 0000:00:01.0: Activating ISA DMA hang workarounds
[    0.831291] pci 0000:00:02.0: Video device with shadowed ROM at [mem 0x000c0000-0x000dffff]
[    0.831291] Unpacking initramfs...
[    1.425186] Freeing initrd memory: 19528K
[    1.430088] clocksource: tsc: mask: 0xffffffffffffffff max_cycles: 0x1128b1be6ad, max_idle_ns: 440795207191 ns
[    1.439796] platform rtc_cmos: registered platform RTC device (no PNP device found)
[    1.447107] Scanning for low memory corruption every 60 seconds
[    1.454544] Initialise system trusted keyrings
[    1.458609] Key type blacklist registered
[    1.463321] workingset: timestamp_bits=36 max_order=18 bucket_order=0
[    1.472499] zbud: loaded
[    1.476501] squashfs: version 4.0 (2009/01/31) Phillip Lougher
[    1.482758] fuse init (API version 7.26)
[    1.531427] Key type asymmetric registered
[    1.536423] Asymmetric key parser 'x509' registered
[    1.540818] Block layer SCSI generic (bsg) driver version 0.4 loaded (major 246)
[    1.548223] io scheduler noop registered
[    1.551761] io scheduler deadline registered
[    1.555993] io scheduler cfq registered (default)
[    1.561928] ACPI: AC Adapter [AC] (on-line)
[    1.566173] input: Power Button as /devices/LNXSYSTM:00/LNXPWRBN:00/input/input0
[    1.574414] ACPI: Power Button [PWRF]
[    1.578137] input: Sleep Button as /devices/LNXSYSTM:00/LNXSLPBN:00/input/input1
[    1.585347] ACPI: Sleep Button [SLPF]
[    1.589507] Serial: 8250/16550 driver, 32 ports, IRQ sharing enabled
[    1.592544] ACPI: Battery Slot [BAT0] (battery present)
[    1.627722] 00:02: ttyS0 at I/O 0x3f8 (irq = 4, base_baud = 115200) is a 16550A
[    1.630893] Linux agpgart interface v0.103
[    1.648837] loop: module loaded
[    1.655794] scsi host0: ata_piix
[    1.662332] scsi host1: ata_piix
[    1.666825] ata1: PATA max UDMA/33 cmd 0x1f0 ctl 0x3f6 bmdma 0xd000 irq 14
[    1.670672] ata2: PATA max UDMA/33 cmd 0x170 ctl 0x376 bmdma 0xd008 irq 15
[    1.680230] tun: Universal TUN/TAP device driver, 1.6
[    1.688622] PPP generic driver version 2.4.2
[    1.692583] ehci_hcd: USB 2.0 'Enhanced' Host Controller (EHCI) Driver
[    1.698404] ehci-pci: EHCI PCI platform driver
[    1.702237] ehci-platform: EHCI generic platform driver
[    1.702365] ohci_hcd: USB 1.1 'Open' Host Controller (OHCI) Driver
[    1.702365] ohci-pci: OHCI PCI platform driver
[    1.702365] ohci-platform: OHCI generic platform driver
[    1.702365] uhci_hcd: USB Universal Host Controller Interface driver
[    1.702365] i8042: PNP: PS/2 Controller [PNP0303:PS2K,PNP0f03:PS2M] at 0x60,0x64 irq 1,12
[    1.702365] serio: i8042 KBD port at 0x60,0x64 irq 1
[    1.702365] serio: i8042 AUX port at 0x60,0x64 irq 12
[    1.702365] mousedev: PS/2 mouse device common for all mice
[    1.754261] rtc_cmos rtc_cmos: rtc core: registered rtc_cmos as rtc0
[    1.761185] input: AT Translated Set 2 keyboard as /devices/platform/i8042/serio0/input/input2
[    1.768967] rtc_cmos rtc_cmos: alarms up to one day, 114 bytes nvram
[    1.774982] i2c /dev entries driver
[    1.779597] device-mapper: uevent: version 1.0.3
[    1.784196] device-mapper: ioctl: 4.37.0-ioctl (2017-09-20) initialised: dm-devel@redhat.com
[    1.792577] ledtrig-cpu: registered to indicate activity on CPUs
[    1.800372] NET: Registered protocol family 10
[    1.815276] Segment Routing with IPv6
[    1.819046] NET: Registered protocol family 17
[    1.823596] Key type dns_resolver registered
[    1.828568] mce: Using 0 MCE banks
[    1.831615] RAS: Correctable Errors collector initialized.
[    1.837066] sched_clock: Marking stable (1836959845, 0)->(2785032637, -948072792)
[    1.846618] registered taskstats version 1
[    1.850582] Loading compiled-in X.509 certificates
[    1.914590] Loaded X.509 cert 'Build time autogenerated kernel key: b5b26778eaa3ab3a4a6cee031137706e947d12ad'
[    1.925126] Loaded X.509 cert 'Canonical Ltd. Live Patch Signing: 14df34d1a87cf37625abec039ef2bf521249b969'
[    1.935059] Loaded X.509 cert 'Canonical Ltd. Kernel Module Signing: 88f752e560a1e0737e31163a466ad7b70a850c19'
[    1.943736] blacklist: Loading compiled-in revocation X.509 certificates
[    1.949869] Loaded X.509 cert 'Canonical Ltd. Secure Boot Signing: 61482aa2830d0ab2ad5af10b7250da9033ddcef0'
[    1.958898] Loaded X.509 cert 'Canonical Ltd. Secure Boot Signing (2017): 242ade75ac4a15e50d50c84b0d45ff3eae707a03'
[    1.969416] Loaded X.509 cert 'Canonical Ltd. Secure Boot Signing (ESM 2018): 365188c1d374d6b07c3c8f240f8ef722433d6a8b'
[    1.978962] Loaded X.509 cert 'Canonical Ltd. Secure Boot Signing (2019): c0746fd6c5da3ae827864651ad66ae47fe24b3e8'
[    1.988631] Loaded X.509 cert 'Canonical Ltd. Secure Boot Signing (2021 v1): a8d54bbb3825cfb94fa13c9f8a594a195c107b8d'
[    1.998032] Loaded X.509 cert 'Canonical Ltd. Secure Boot Signing (2021 v2): 4cf046892d6fd3c9a5b03f98d845f90851dc6a8c'
[    2.007429] Loaded X.509 cert 'Canonical Ltd. Secure Boot Signing (2021 v3): 100437bb6de6e469b581e61cd66bce3ef4ed53af'
[    2.017676] Loaded X.509 cert 'Canonical Ltd. Secure Boot Signing (Ubuntu Core 2019): c1d57b8f6b743f23ee41f4f7ee292f06eecadfb9'
[    2.027905] zswap: loaded using pool lzo/zbud
[    2.042246] Key type big_key registered
[    2.045897] Key type trusted registered
[    2.054075] Key type encrypted registered
[    2.057723] AppArmor: AppArmor sha1 policy hashing enabled
[    2.063015] ima: No TPM chip found, activating TPM-bypass! (rc=-19)
[    2.068975] ima: Allocated hash algorithm: sha1
[    2.073169] evm: HMAC attrs: 0x1
[    2.076813]   Magic number: 2:895:577
[    2.080958] rtc_cmos rtc_cmos: setting system clock to 2026-03-11 10:35:10 UTC (1773225310)
[    2.089289] BIOS EDD facility v0.16 2004-Jun-25, 0 devices found
[    2.094655] EDD information not available.
[    2.101818] Freeing unused kernel image memory: 2480K
[    2.120533] Write protecting the kernel read-only data: 20480k
[    2.126564] Freeing unused kernel image memory: 2008K
[    2.131805] Freeing unused kernel image memory: 1820K
[    2.140268] x86/mm: Checked W+X mappings: passed, no W+X pages found.
Loading, please wait...
starting version 237
[    2.218844] e1000: Intel(R) PRO/1000 Network Driver - version 7.3.21-k8-NAPI
[    2.228267] e1000: Copyright (c) 1999-2006 Intel Corporation.
[    2.244827] Fusion MPT base driver 3.04.20
[    2.250831] Copyright (c) 1999-2008 LSI Corporation
[    2.284661] AVX2 version of gcm_enc/dec engaged.
[    2.289950] AES CTR mode by8 optimization enabled
[    2.307289] Fusion MPT SPI Host driver 3.04.20
[    2.919513] input: ImExPS/2 Generic Explorer Mouse as /devices/platform/i8042/serio1/input/input4
[    2.952370] e1000 0000:00:03.0 eth0: (PCI:33MHz:32-bit) 02:3b:7b:b7:3b:2d
[    2.959585] e1000 0000:00:03.0 eth0: Intel(R) PRO/1000 Network Connection
[    2.968731] e1000 0000:00:03.0 enp0s3: renamed from eth0
[    2.968815] mptbase: ioc0: Initiating bringup
[    3.263228] ioc0: LSI53C1030 A0: Capabilities={Initiator}
[    3.680506] scsi host2: ioc0: LSI53C1030 A0, FwRev=00000000h, Ports=1, MaxQ=256, IRQ=20
[    4.215908] scsi 2:0:0:0: Direct-Access     VBOX     HARDDISK         1.0  PQ: 0 ANSI: 5
[    4.253284] scsi target2:0:0: Beginning Domain Validation
[    4.271822] scsi target2:0:0: Domain Validation skipping write tests
[    4.279823] scsi target2:0:0: Ending Domain Validation
[    4.287264] scsi target2:0:0: asynchronous
[    4.296336] scsi 2:0:1:0: Direct-Access     VBOX     HARDDISK         1.0  PQ: 0 ANSI: 5
[    4.336105] scsi target2:0:1: Beginning Domain Validation
[    4.355606] scsi target2:0:1: Domain Validation skipping write tests
[    4.362923] scsi target2:0:1: Ending Domain Validation
[    4.368656] scsi target2:0:1: asynchronous
[    4.390009] sd 2:0:0:0: Attached scsi generic sg0 type 0
[    4.397301] sd 2:0:1:0: Attached scsi generic sg1 type 0
[    4.406714] sd 2:0:0:0: [sda] 83886080 512-byte logical blocks: (42.9 GB/40.0 GiB)
[    4.407248] sd 2:0:1:0: [sdb] 20480 512-byte logical blocks: (10.5 MB/10.0 MiB)
[    4.423750] sd 2:0:0:0: [sda] Write Protect is off
[    4.424228] sd 2:0:1:0: [sdb] Write Protect is off
[    4.434441] sd 2:0:0:0: [sda] Write cache: enabled, read cache: enabled, supports DPO and FUA
[    4.434441] sd 2:0:1:0: [sdb] Write cache: enabled, read cache: enabled, supports DPO and FUA
[    4.457754]  sda: sda1
[    4.463171] sd 2:0:1:0: [sdb] Attached SCSI disk
[    4.472459] sd 2:0:0:0: [sda] Attached SCSI disk
Begin: Loading essential drivers ... [    6.224842] raid6: sse2x1   gen() 14376 MB/s
[    6.276577] raid6: sse2x1   xor()  8579 MB/s
[    6.328720] raid6: sse2x2   gen() 18282 MB/s
[    6.380682] raid6: sse2x2   xor() 12064 MB/s
[    6.432975] raid6: sse2x4   gen() 19306 MB/s
[    6.484733] raid6: sse2x4   xor() 11223 MB/s
[    6.537004] raid6: avx2x1   gen() 27750 MB/s
[    6.588821] raid6: avx2x1   xor() 16920 MB/s
[    6.640773] raid6: avx2x2   gen() 30296 MB/s
[    6.692215] raid6: avx2x2   xor() 19084 MB/s
[    6.744386] raid6: avx2x4   gen() 33103 MB/s
[    6.796328] raid6: avx2x4   xor() 20749 MB/s
[    6.801467] raid6: using algorithm avx2x4 gen() 33103 MB/s
[    6.806737] raid6: .... xor() 20749 MB/s, rmw enabled
[    6.811803] raid6: using avx2x2 recovery algorithm
[    6.818673] xor: automatically using best checksumming function   avx       
[    6.829526] async_tx: api initialized (async)
done.
Begin: Running /scripts/init-premount ... done.
Begin: Mounting root file system ... Begin: Running /scripts/local-top ... done.
Begin: Running /scripts/local-premount ... [    6.902587] Btrfs loaded, crc32c=crc32c-intel
Scanning for Btrfs filesystems
done.
Warning: fsck not present, so skipping root file system
[    6.981403] EXT4-fs (sda1): mounted filesystem with ordered data mode. Opts: (null)
done.
Begin: Running /scripts/local-bottom ... done.
Begin: Running /scripts/init-bottom ... done.
[    7.248708] ip_tables: (C) 2000-2006 Netfilter Core Team
[    7.271824] systemd[1]: systemd 237 running in system mode. (+PAM +AUDIT +SELINUX +IMA +APPARMOR +SMACK +SYSVINIT +UTMP +LIBCRYPTSETUP +GCRYPT +GNUTLS +ACL +XZ +LZ4 +SECCOMP +BLKID +ELFUTILS +KMOD -IDN2 +IDN -PCRE2 default-hierarchy=hybrid)
[    7.290970] systemd[1]: Detected virtualization oracle.
[    7.295793] systemd[1]: Detected architecture x86-64.

Welcome to [1mUbuntu 18.04.6 LTS[0m!

[    7.334464] systemd[1]: Set hostname to <ubuntu>.
[    7.348346] systemd[1]: Initializing machine ID from random generator.
[    7.354302] systemd[1]: Installed transient /etc/machine-id file.
[    7.736762] systemd[1]: Started Forward Password Requests to Wall Directory Watch.
[[0;32m  OK  [0m] Started Forward Password Requests to Wall Directory Watch.
[    7.747704] systemd[1]: Set up automount Arbitrary Executable File Formats File System Automount Point.
[[0;32m  OK  [0m] Set up automount Arbitrary Executab…rmats File System Automount Point.
[    7.760106] systemd[1]: Reached target Swap.
[[0;32m  OK  [0m] Reached target Swap.
[    7.766022] systemd[1]: Reached target User and Group Name Lookups.
[[0;32m  OK  [0m] Reached target User and Group Name Lookups.
[[0;32m  OK  [0m] Reached target Mounting snaps.
[[0;32m  OK  [0m] Reached target Mounted snaps.
[[0;32m  OK  [0m] Created slice User and Session Slice.
[[0;32m  OK  [0m] Created slice System Slice.
[[0;32m  OK  [0m] Listening on fsck to fsckd communication Socket.
[[0;32m  OK  [0m] Listening on Journal Audit Socket.
[[0;32m  OK  [0m] Listening on Syslog Socket.
[[0;32m  OK  [0m] Reached target Slices.
[[0;32m  OK  [0m] Listening on Journal Socket (/dev/log).
[[0;32m  OK  [0m] Listening on LVM2 poll daemon socket.
[[0;32m  OK  [0m] Listening on Network Service Netlink Socket.
[[0;32m  OK  [0m] Listening on /dev/initctl Compatibility Named Pipe.
[[0;32m  OK  [0m] Listening on LVM2 metadata daemon socket.
[[0;32m  OK  [0m] Listening on Device-mapper event daemon FIFOs.
[[0;32m  OK  [0m] Listening on udev Control Socket.
[[0;32m  OK  [0m] Listening on Journal Socket.
         Starting Load Kernel Modules...
         Starting Uncomplicated firewall...
         Mounting POSIX Message Queue File System...
         Starting File System Check on Root Device...
         Mounting Kernel Debug File System...
         Starting Set the console keyboard layout...
[    7.863570] Loading iSCSI transport class v2.0-870.
         Starting Journal Service...
         Starting Create list of required st…ce nodes for the current kernel...
         Starting Monitoring of LVM2 mirrors…ng dmeventd or progress polling...
[[0;32m  OK  [0m] Listening on udev Kernel Socket.
         Starting udev Coldplug all Devices...
[    7.918909] iscsi: registered transport (tcp)
[    7.946090] iscsi: registered transport (iser)
[[0;32m  OK  [0m] Created slice system-serial\x2dgetty.slice.
         Mounting Huge Pages File System...
[[0;32m  OK  [0m] Reached target System Time Synchronized.
[[0;32m  OK  [0m] Started Journal Service.
[[0;32m  OK  [0m] Started Load Kernel Modules.
[[0;32m  OK  [0m] Started Uncomplicated firewall.
[[0;32m  OK  [0m] Mounted POSIX Message Queue File System.
[[0;32m  OK  [0m] Started File System Check on Root Device.
[[0;32m  OK  [0m] Mounted Kernel Debug File System.
[[0;32m  OK  [0m] Started Create list of required sta…vice nodes for the current kernel.
[[0;32m  OK  [0m] Mounted Huge Pages File System.
[[0;32m  OK  [0m] Started File System Check Daemon to report status.
[[0;32m  OK  [0m] Started LVM2 metadata daemon.
         Starting Create Static Device Nodes in /dev...
         Starting Remount Root and Kernel File Systems...
         Mounting Kernel Configuration File System...
         Mounting FUSE Control File System...
         Starting Apply Kernel Variables...
[[0;32m  OK  [0m] Mounted Kernel Configuration File System.
[[0;32m  OK  [0m] Started udev Coldplug all Devices.
[[0;32m  OK  [0m] Mounted FUSE Control File System.
[[0;32m  OK  [0m] Started Create Static Device Nodes in /dev.
[    8.411669] EXT4-fs (sda1): re-mounted. Opts: (null)
[[0;32m  OK  [0m] Started Remount Root and Kernel File Systems.
         Starting Flush Journal to Persistent Storage...
         Starting Load/Save Random Seed...
         Starting udev Kernel Device Manager...
[[0;32m  OK  [0m] Started Monitoring of LVM2 mirrors,…sing dmeventd or progress polling.
[    8.457176] systemd-journald[415]: Received request to flush runtime journal from PID 1
[[0;32m  OK  [0m] Started Load/Save Random Seed.
[[0;32m  OK  [0m] Started udev Kernel Device Manager.
[[0;32m  OK  [0m] Started Apply Kernel Variables.
[[0;32m  OK  [0m] Started Flush Journal to Persistent Storage.
[[0;32m  OK  [0m] Found device /dev/ttyS0.
[[0;32m  OK  [0m] Listening on Load/Save RF Kill Switch Status /dev/rfkill Watch.
[[0;32m  OK  [0m] Started Set the console keyboard layout.
[[0;32m  OK  [0m] Reached target Local File Systems (Pre).
[[0;32m  OK  [0m] Reached target Local File Systems.
         Starting Set console font and keymap...
         Starting AppArmor initialization...
         Starting Create Volatile Files and Directories...
         Starting ebtables ruleset management...
         Starting Commit a transient machine-id on disk...
         Starting Tell Plymouth To Write Out Runtime Data...
[[0;32m  OK  [0m] Started Dispatch Password Requests to Console Directory Watch.
[[0;32m  OK  [0m] Reached target Local Encrypted Volumes.
[[0;32m  OK  [0m] Started Tell Plymouth To Write Out Runtime Data.
[[0;32m  OK  [0m] Started Create Volatile Files and Directories.
         Starting Update UTMP about System Boot/Shutdown...
[[0;32m  OK  [0m] Started Update UTMP about System Boot/Shutdown.
[[0;32m  OK  [0m] Started Commit a transient machine-id on disk.
[[0;32m  OK  [0m] Started ebtables ruleset management.
         Mounting Arbitrary Executable File Formats File System...
[[0;32m  OK  [0m] Mounted Arbitrary Executable File Formats File System.
[[0;32m  OK  [0m] Started AppArmor initialization.
         Starting Load AppArmor profiles managed internally by snapd...
         Starting Initial cloud-init job (pre-networking)...
[[0;32m  OK  [0m] Started Load AppArmor profiles managed internally by snapd.
[[0;32m  OK  [0m] Started Set console font and keymap.
[   13.212690] cloud-init[774]: Cloud-init v. 23.1.2-0ubuntu0~18.04.1 running 'init-local' at Wed, 11 Mar 2026 10:35:21 +0000. Up 12.82 seconds.
[[0;32m  OK  [0m] Started Initial cloud-init job (pre-networking).
[[0;32m  OK  [0m] Reached target Network (Pre).
         Starting Network Service...
[[0;32m  OK  [0m] Started Network Service.
         Starting Network Name Resolution...
         Starting Wait for Network to be Configured...
[[0;32m  OK  [0m] Started Network Name Resolution.
[[0;32m  OK  [0m] Reached target Network.
[[0;32m  OK  [0m] Reached target Host and Network Name Lookups.
[[0;32m  OK  [0m] Started Wait for Network to be Configured.
         Starting Initial cloud-init job (metadata service crawler)...
[   15.435638] cloud-init[933]: Cloud-init v. 23.1.2-0ubuntu0~18.04.1 running 'init' at Wed, 11 Mar 2026 10:35:23 +0000. Up 15.31 seconds.
[   15.443559] cloud-init[933]: ci-info: +++++++++++++++++++++++++++++++++++++++++++Net device info++++++++++++++++++++++++++++++++++++++++++++
[   15.449734] cloud-init[933]: ci-info: +--------+------+---------------------------------------+---------------+--------+-------------------+
[   15.454807] cloud-init[933]: ci-info: | Device |  Up  |                Address                |      Mask     | Scope  |     Hw-Address    |
[   15.459586] cloud-init[933]: ci-info: +--------+------+---------------------------------------+---------------+--------+-------------------+
[   15.464550] cloud-init[933]: ci-info: | enp0s3 | True |               10.0.2.15               | 255.255.255.0 | global | 02:3b:7b:b7:3b:2d |
[   15.481445] cloud-init[933]: ci-info: | enp0s3 | True | fd17:625c:f037:2:3b:7bff:feb7:3b2d/64 |       .       | global | 02:3b:7b:b7:3b:2d |
[   15.486204] cloud-init[933]: ci-info: | enp0s3 | True |       fe80::3b:7bff:feb7:3b2d/64      |       .       |  link  | 02:3b:7b:b7:3b:2d |
[   15.490863] cloud-init[933]: ci-info: |   lo   | True |               127.0.0.1               |   255.0.0.0   |  host  |         .         |
[   15.495498] cloud-init[933]: ci-info: |   lo   | True |                ::1/128                |       .       |  host  |         .         |
[   15.500003] cloud-init[933]: ci-info: +--------+------+---------------------------------------+---------------+--------+-------------------+
[   15.504658] cloud-init[933]: ci-info: ++++++++++++++++++++++++++++Route IPv4 info+++++++++++++++++++++++++++++
[   15.508392] cloud-init[933]: ci-info: +-------+-------------+----------+-----------------+-----------+-------+
[   15.511990] cloud-init[933]: ci-info: | Route | Destination | Gateway  |     Genmask     | Interface | Flags |
[   15.516765] cloud-init[933]: ci-info: +-------+-------------+----------+-----------------+-----------+-------+
[   15.520898] cloud-init[933]: ci-info: |   0   |   0.0.0.0   | 10.0.2.2 |     0.0.0.0     |   enp0s3  |   UG  |
[   15.524795] cloud-init[933]: ci-info: |   1   |   10.0.2.0  | 0.0.0.0  |  255.255.255.0  |   enp0s3  |   U   |
[   15.528812] cloud-init[933]: ci-info: |   2   |   10.0.2.2  | 0.0.0.0  | 255.255.255.255 |   enp0s3  |   UH  |
[   15.532543] cloud-init[933]: ci-info: +-------+-------------+----------+-----------------+-----------+-------+
[   15.536465] cloud-init[933]: ci-info: ++++++++++++++++++++++++Route IPv6 info++++++++++++++++++++++++
[   15.540029] cloud-init[933]: ci-info: +-------+-----------------------+---------+-----------+-------+
[   15.543771] cloud-init[933]: ci-info: | Route |      Destination      | Gateway | Interface | Flags |
[   15.547341] cloud-init[933]: ci-info: +-------+-----------------------+---------+-----------+-------+
[   15.550694] cloud-init[933]: ci-info: |   1   | fd17:625c:f037:2::/64 |    ::   |   enp0s3  |   U   |
[   15.554401] cloud-init[933]: ci-info: |   2   |       fe80::/64       |    ::   |   enp0s3  |   U   |
[   15.557709] cloud-init[933]: ci-info: |   3   |          ::/0         | fe80::2 |   enp0s3  |   UG  |
[   15.561215] cloud-init[933]: ci-info: |   5   |         local         |    ::   |   enp0s3  |   U   |
[   15.564520] cloud-init[933]: ci-info: |   6   |        ff00::/8       |    ::   |   enp0s3  |   U   |
[   15.568299] cloud-init[933]: ci-info: +-------+-----------------------+---------+-----------+-------+
[   16.416982] cloud-init[933]: Generating public/private rsa key pair.
[   16.422710] cloud-init[933]: Your identification has been saved in /etc/ssh/ssh_host_rsa_key.
[   16.429444] cloud-init[933]: Your public key has been saved in /etc/ssh/ssh_host_rsa_key.pub.
[   16.435378] cloud-init[933]: The key fingerprint is:
[   16.440243] cloud-init[933]: SHA256:GHOfkJyO3c2dsrMPmHpv9aVKQq4zfClxPvjeDKdihYY root@ubuntu-bionic
[   16.446678] cloud-init[933]: The key's randomart image is:
[   16.451874] cloud-init[933]: +---[RSA 2048]----+
[   16.456752] cloud-init[933]: |                 |
[   16.461602] cloud-init[933]: |       . o       |
[   16.466533] cloud-init[[0;32m  OK  [0m] Started Initial cloud-init job (metadata service crawler).
[[0;32m  OK  [0m] Reached target Cloud-config availability.
[[0;32m  OK  [0m] Reached target Network is Online.
[[0;32m  OK  [0m] Reached target Remote File Systems (Pre).
[[0;32m  OK  [0m] Reached target Remote File Systems.
         Starting Availability of block devices...
[[0;32m  OK  [0m] Reached target System Initialization.
[[0;32m  OK  [0m] Listening on Open-iSCSI iscsid Socket.
[[0;32m  OK  [0m] Listening on UUID daemon activation socket.
[[0;32m  OK  [0m] Started Ubuntu Advantage Timer for running repeated jobs.
[[0;32m  OK  [0m] Started Daily Cleanup of Temporary Directories.
[[0;32m  OK  [0m] Started Daily apt download activities.
[[0;32m  OK  [0m] Started ACPI Events Check.
[[0;32m  OK  [0m] Reached target Paths.
[[0;32m  OK  [0m] Listening on ACPID Listen Socket.
[[0;32m  OK  [0m] Listening on D-Bus System Message Bus Socket.
[[0;32m  OK  [0m] Listening on cloud-init hotplug hook socket.
[[0;32m  OK  [0m] Started Daily apt upgrade and clean activities.
[[0;32m  OK  [0m] Started Discard unused blocks once a week.
[[0;32m  OK  [0m] Started Message of the Day.
[[0;32m  OK  [0m] Reached target Timers.
         Starting Socket activation for snappy daemon.
         Starting LXD - unix socket.
[[0;32m  OK  [0m] Listening on LXD - unix socket.
[[0;32m  OK  [0m] Started Availability of block devices.
[[0;32m  OK  [0m] Listening on Socket activation for snappy daemon.
[[0;32m  OK  [0m] Reached target Sockets.
[[0;32m  OK  [0m] Reached target Basic System.
[[0;32m  OK  [0m] Started Regular background program processing daemon.
         Starting Pollinate to seed the pseudo random number generator...
         Starting System Logging Service...
         Starting Permit User Sessions...
[[0;32m  OK  [0m] Started FUSE filesystem for LXC.
[933]: |      o *        |
[   16.530675] cloud-init[933]: |       O + + . . |
[   16.532937] cloud-init[933]: |      o.S.= + o  |
[   16.534850] cloud-init[933]: |      E +ooo o. .|
[   16.539582] cloud-init[933]: |       o **.*. o.|
[   16.541580] cloud-init[933]: |        Oo*O.+. .|
         Starting Login Service...
[[0;32m  OK  [0m] Started Deferred execution scheduler.
[   16.548586] cloud-init[933]: |       .oX++*o.  |
[   16.568482] cloud-init[933]: +----[SHA256]-----+
[   16.570633] cloud-init[933]: Generating public/private dsa key pair.
[   16.573298] cloud-init[933]: Your identification has been saved in /etc/ssh/ssh_host_dsa_key.
[   16.576402] cloud-init[933]: Your public key has been saved in /etc/ssh/ssh_host_dsa_key.pub.
[   16.579754] cloud-init[933]: The key fingerprint is:
[   16.582436] cloud-init[933]: SHA256:8NYOLhwJo3w+tVz3fdLkIyPI6440g1dw8ozL7WcVvh0 root@ubuntu-bionic
[   16.586888] cloud-init[933]: The key's randomart image is:
[   16.589227] cloud-init[933]: +---[DSA 1024]----+
[   16.591044] cloud-init[933]: |                 |
[   16.592954] cloud-init[933]: |                 |
[   16.595093] cloud-init[933]: |    o .o .       |
[   16.597557] cloud-init[933]: | . . o +B.   .   |
[   16.599804] cloud-init[933]: |  o . +.S+o . . .|
[   16.602625] cloud-init[933]: |   o +o*=+.. + E |
[   16.604736] cloud-init[933]: |    o.=B.+..oo=.=|
[   16.606769] cloud-init[933]: |     .o.= .o..o+.|
[   16.608721] cloud-init[933]: |       .o=o      |
[   16.611062] cloud-init[933]: +----[SHA256]-----+
[   16.613369] cloud-init[933]: Generating public/private ecdsa key pair.
[   16.616212] cloud-init[933]: Your identification has been saved in /etc/ssh/ssh_host_ecdsa_key.
[   16.619739] cloud-init[933]: Your public key has been saved in /etc/ssh/ssh_host_ecdsa_key.pub.
[   16.623116] cloud-init[933]: The key fingerprint is:
[   16.625190] cloud-init[933]: SHA256:G/LsjkCWsYEsKlh6a4dICqmzy2KOpMV5RvvLwg6KF7A root@ubuntu-bionic
[   16.628789] cloud-init[933]: The key's randomart image is:
[   16.631050] cloud-init[933]: +---[ECDSA 256]---+
[   16.633134] cloud-init[933]: |                 |
[   16.634874] cloud-init[933]: | . .             |
[   16.636670] cloud-init[933]: |. + o            |
[   16.638486] cloud-init[933]: |+=   =           |
[   16.640441] cloud-init[933]: |B+. * . S        |
[   16.642303] cloud-init[933]: |E+.B . + o       |
[   16.644254] cloud-init[933]: |=.Oo*   +        |
[   16.645955] cloud-init[933]: |BB.=o+ o         |
[   16.649678]          Starting Dispatcher daemon for systemd-networkd...
         Starting LXD - container startup/shutdown...
cloud-init[933]: |@= ...=oo        |
[   16.663386] cloud-init[933]: +----[SHA256]-----+
[   16.668493] cloud-init[933]: Generating public/private ed25519 key pair.
[   16.673979] cloud-init[933]: Your identification has been saved in /etc/ssh/ssh_host_ed25519_key.
[   16.681214] cloud-init[933]: Your public key has been saved in /etc/ssh/ssh_host_ed25519_key.pub.
[   16.684687] cloud-init[933]: The key fingerprint is:
[   16.686736] cloud-init[933]: SHA256:HPp3MitvDo+mHIKyonaaglqppyUkw7TkhvNE3mWTs0E root@ubuntu-bionic
[   16.690130] cloud-init[933]: The key's randomart image is:
[   16.692556] cloud-init[933]: +--[ED25519 256]--+
[   16.695351] cloud-init[933]: |      E          |
[   16.701219] cloud-init[933]: |     . .         |
[[0;32m  OK  [0m] Started irqbalance daemon.
         Starting Virtualbox guest utils...
         Starting LSB: Record successful boot for GRUB...
[[0;32m  OK  [0m] Reached target Login Prompts (Pre).
[[0;32m  OK  [0m] Started D-Bus System Message Bus.
[   16.714493] cloud-init[933]: | o.   B .        |
[   16.728003] cloud-init[933]: |*o.. o B .       |
[   16.736715] cloud-init[933]: |=*o . o S        |
[   16.745432] cloud-init[933]: |+= o   .         |
[   16.754585] cloud-init[933]: |+ * . . o + .    |         Starting Accounts Service...

[   16.769730] cloud-init[933]: |+Oo. o .o=.=     |
[   16.779614] cloud-init[933]: |%=o   oo.==      |
[   16.788917] cloud-init[933]: +----[SHA256]-----+
         Starting LSB: automatic crash report generation...
         Starting Snap Daemon...
[[0;32m  OK  [0m] Started System Logging Service.
[[0;32m  OK  [0m] Started Permit User Sessions.
[[0;32m  OK  [0m] Started Login Service.
[[0;32m  OK  [0m] Started Unattended Upgrades Shutdown.
         Starting Hold until boot process finishes up...
         Starting Terminate Plymouth Boot Screen...
[[0;32m  OK  [0m] Started Hold until boot process finishes up.
[[0;32m  OK  [0m] Started Serial Getty on ttyS0.
         Starting Set console scheme...
[[0;32m  OK  [0m] Started Terminate Plymouth Boot Screen.
[[0;32m  OK  [0m] Started Set console scheme.
[[0;32m  OK  [0m] Created slice system-getty.slice.
[[0;32m  OK  [0m] Started Getty on tty1.
[[0;32m  OK  [0m] Reached target Login Prompts.
         Starting Authorization Manager...
[[0;32m  OK  [0m] Started LSB: Record successful boot for GRUB.
[[0;32m  OK  [0m] Started LSB: automatic crash report generation.
[[0;32m  OK  [0m] Started LXD - container startup/shutdown.
[[0;32m  OK  [0m] Started Authorization Manager.
[[0;32m  OK  [0m] Started Accounts Service.
[[0;32m  OK  [0m] Started Virtualbox guest utils.
[[0;32m  OK  [0m] Started Dispatcher daemon for systemd-networkd.
[[0;32m  OK  [0m] Started Snap Daemon.
         Starting Wait until snapd is fully seeded...
         Starting Time & Date Service...
[[0;32m  OK  [0m] Started Pollinate to seed the pseudo random number generator.
         Starting OpenBSD Secure Shell server...
[[0;32m  OK  [0m] Started Time & Date Service.
[[0;32m  OK  [0m] Started OpenBSD Secure Shell server.
[[0;32m  OK  [0m] Created slice User Slice of vagrant.
         Starting User Manager for UID 1000...
[[0;32m  OK  [0m] Started Session 1 of user vagrant.
[[0;32m  OK  [0m] Started User Manager for UID 1000.
[[0;32m  OK  [0m] Started Wait until snapd is fully seeded.
         Starting Apply the settings specified in cloud-config...
[   22.521252] cloud-init[1536]: Cloud-init v. 23.1.2-0ubuntu0~18.04.1 running 'modules:config' at Wed, 11 Mar 2026 10:35:30 +0000. Up 21.81 seconds.

Ubuntu 18.04.6 LTS ubuntu-bionic ttyS0

ubuntu-bionic login: ci-info: no authorized SSH keys fingerprints found for user ubuntu.
<14>Mar 11 10:35:31 cloud-init: #############################################################
<14>Mar 11 10:35:31 cloud-init: -----BEGIN SSH HOST KEY FINGERPRINTS-----
<14>Mar 11 10:35:31 cloud-init: 1024 SHA256:8NYOLhwJo3w+tVz3fdLkIyPI6440g1dw8ozL7WcVvh0 root@ubuntu-bionic (DSA)
<14>Mar 11 10:35:31 cloud-init: 256 SHA256:G/LsjkCWsYEsKlh6a4dICqmzy2KOpMV5RvvLwg6KF7A root@ubuntu-bionic (ECDSA)
<14>Mar 11 10:35:31 cloud-init: 256 SHA256:HPp3MitvDo+mHIKyonaaglqppyUkw7TkhvNE3mWTs0E root@ubuntu-bionic (ED25519)
<14>Mar 11 10:35:31 cloud-init: 2048 SHA256:GHOfkJyO3c2dsrMPmHpv9aVKQq4zfClxPvjeDKdihYY root@ubuntu-bionic (RSA)
<14>Mar 11 10:35:31 cloud-init: -----END SSH HOST KEY FINGERPRINTS-----
<14>Mar 11 10:35:31 cloud-init: #############################################################
-----BEGIN SSH HOST KEY KEYS-----
ecdsa-sha2-nistp256 AAAAE2VjZHNhLXNoYTItbmlzdHAyNTYAAAAIbmlzdHAyNTYAAABBBOasFbNtcvXPrys2KYM26SVqnlSUcCxJOOsoKJo9txkIGtnkY0GC8MUf43IvzopwCDPpGWsVyzo8Zw+w28EJopY= root@ubuntu-bionic
ssh-ed25519 AAAAC3NzaC1lZDI1NTE5AAAAIILwPvKpzFbzAPrx1ONiLUy+ssMyjT7WZD87jaJeELaa root@ubuntu-bionic
ssh-rsa AAAAB3NzaC1yc2EAAAADAQABAAABAQChWcnDULBcSa13W5earw1aC2BD123FGXcUalzcKiFqIx3HqR8ZiINsbm+SRP6Bfhmx1ZIEFDILueNDseYoQhRex4gjbVkvilT9WJ+njoYTpAm+ByezKseKZISmV6rLBzFpXIm1vPuJGqrJ9XH6tET5ql4dTUa9O+6EiCVsZRXeU8juOHlwTMc6Pkjlge3Xf9B9d0aKbz5eO9QuSWIodTw2O1yF1Dkqiizj1vY1zPtDZiv1jXv3YQwvusvWBREGtjFRMyHPM/cPqwSsnjwSRHUZ6uELBV1QX8jwPrw7ZsFFLKD+0FPGI8smrq0LMtaSEhwwB7wgZmibCeh+KqTlI9kH root@ubuntu-bionic
-----END SSH HOST KEY KEYS-----
[   23.414548] cloud-init[1673]: Cloud-init v. 23.1.2-0ubuntu0~18.04.1 running 'modules:final' at Wed, 11 Mar 2026 10:35:31 +0000. Up 23.05 seconds.
[   23.414666] cloud-init[1673]: Cloud-init v. 23.1.2-0ubuntu0~18.04.1 finished at Wed, 11 Mar 2026 10:35:31 +0000. Datasource DataSourceNoCloud [seed=/dev/sdb][dsmode=net].  Up 23.40 seconds
